Archive member included to satisfy reference by file (symbol)

/home/muriuki/Documents/MCUXpresso_10.2.1_795/workspace/CMSIS_CORE_LPC11xx/Debug/libCMSIS_CORE_LPC11xx.a(system_LPC11xx.o)
                              ./src/cr_startup_lpc11xx.o (SystemInit)
/usr/local/mcuxpressoide-10.2.1_795/ide/tools/bin/../lib/gcc/arm-none-eabi/7.2.1/../../../../arm-none-eabi/lib/thumb/v6-m/libcr_c.a(__weak__main.o)
                              ./src/cr_startup_lpc11xx.o (__main)
/usr/local/mcuxpressoide-10.2.1_795/ide/tools/bin/../lib/gcc/arm-none-eabi/7.2.1/thumb/v6-m/libcr_eabihelpers.a(division_32.o)
                              ./src/wait.o (__aeabi_uidiv)
/usr/local/mcuxpressoide-10.2.1_795/ide/tools/bin/../lib/gcc/arm-none-eabi/7.2.1/thumb/v6-m/libcr_eabihelpers.a(division_idiv0.o)
                              /usr/local/mcuxpressoide-10.2.1_795/ide/tools/bin/../lib/gcc/arm-none-eabi/7.2.1/thumb/v6-m/libcr_eabihelpers.a(division_32.o) (__aeabi_idiv0)

Discarded input sections

 .group         0x0000000000000000        0xc ./src/cr_startup_lpc11xx.o
 .text          0x0000000000000000        0x0 ./src/cr_startup_lpc11xx.o
 .data          0x0000000000000000        0x0 ./src/cr_startup_lpc11xx.o
 .bss           0x0000000000000000        0x0 ./src/cr_startup_lpc11xx.o
 .group         0x0000000000000000        0xc ./src/crp.o
 .group         0x0000000000000000        0xc ./src/crp.o
 .text          0x0000000000000000        0x0 ./src/crp.o
 .data          0x0000000000000000        0x0 ./src/crp.o
 .bss           0x0000000000000000        0x0 ./src/crp.o
 .debug_macro   0x0000000000000000      0xa5a ./src/crp.o
 .group         0x0000000000000000        0xc ./src/led.o
 .group         0x0000000000000000        0xc ./src/led.o
 .group         0x0000000000000000        0xc ./src/led.o
 .group         0x0000000000000000        0xc ./src/led.o
 .group         0x0000000000000000        0xc ./src/led.o
 .group         0x0000000000000000        0xc ./src/led.o
 .group         0x0000000000000000        0xc ./src/led.o
 .group         0x0000000000000000        0xc ./src/led.o
 .group         0x0000000000000000        0xc ./src/led.o
 .group         0x0000000000000000        0xc ./src/led.o
 .text          0x0000000000000000        0x0 ./src/led.o
 .data          0x0000000000000000        0x0 ./src/led.o
 .bss           0x0000000000000000        0x0 ./src/led.o
 .text.toggleLED
                0x0000000000000000       0x40 ./src/led.o
 .debug_macro   0x0000000000000000      0xa5a ./src/led.o
 .group         0x0000000000000000        0xc ./src/testLPC.o
 .group         0x0000000000000000        0xc ./src/testLPC.o
 .group         0x0000000000000000        0xc ./src/testLPC.o
 .group         0x0000000000000000        0xc ./src/testLPC.o
 .group         0x0000000000000000        0xc ./src/testLPC.o
 .group         0x0000000000000000        0xc ./src/testLPC.o
 .group         0x0000000000000000        0xc ./src/testLPC.o
 .group         0x0000000000000000        0xc ./src/testLPC.o
 .group         0x0000000000000000        0xc ./src/testLPC.o
 .group         0x0000000000000000        0xc ./src/testLPC.o
 .group         0x0000000000000000        0xc ./src/testLPC.o
 .text          0x0000000000000000        0x0 ./src/testLPC.o
 .data          0x0000000000000000        0x0 ./src/testLPC.o
 .bss           0x0000000000000000        0x0 ./src/testLPC.o
 .debug_macro   0x0000000000000000      0xa5a ./src/testLPC.o
 .debug_macro   0x0000000000000000       0x1c ./src/testLPC.o
 .debug_macro   0x0000000000000000       0x3a ./src/testLPC.o
 .debug_macro   0x0000000000000000       0x10 ./src/testLPC.o
 .debug_macro   0x0000000000000000      0x12d ./src/testLPC.o
 .debug_macro   0x0000000000000000      0x5b2 ./src/testLPC.o
 .debug_macro   0x0000000000000000       0x1f ./src/testLPC.o
 .debug_macro   0x0000000000000000      0x242 ./src/testLPC.o
 .debug_macro   0x0000000000000000      0x131 ./src/testLPC.o
 .debug_macro   0x0000000000000000       0x10 ./src/testLPC.o
 .group         0x0000000000000000        0xc ./src/wait.o
 .group         0x0000000000000000        0xc ./src/wait.o
 .group         0x0000000000000000        0xc ./src/wait.o
 .group         0x0000000000000000        0xc ./src/wait.o
 .group         0x0000000000000000        0xc ./src/wait.o
 .group         0x0000000000000000        0xc ./src/wait.o
 .group         0x0000000000000000        0xc ./src/wait.o
 .group         0x0000000000000000        0xc ./src/wait.o
 .group         0x0000000000000000        0xc ./src/wait.o
 .text          0x0000000000000000        0x0 ./src/wait.o
 .data          0x0000000000000000        0x0 ./src/wait.o
 .bss           0x0000000000000000        0x0 ./src/wait.o
 .debug_macro   0x0000000000000000      0xa5a ./src/wait.o
 .debug_macro   0x0000000000000000       0x1c ./src/wait.o
 .debug_macro   0x0000000000000000       0x3a ./src/wait.o
 .debug_macro   0x0000000000000000       0x10 ./src/wait.o
 .debug_macro   0x0000000000000000      0x12d ./src/wait.o
 .debug_macro   0x0000000000000000      0x5b2 ./src/wait.o
 .debug_macro   0x0000000000000000       0x1f ./src/wait.o
 .debug_macro   0x0000000000000000      0x242 ./src/wait.o
 .debug_macro   0x0000000000000000      0x131 ./src/wait.o
 .group         0x0000000000000000        0xc /home/muriuki/Documents/MCUXpresso_10.2.1_795/workspace/CMSIS_CORE_LPC11xx/Debug/libCMSIS_CORE_LPC11xx.a(system_LPC11xx.o)
 .group         0x0000000000000000        0xc /home/muriuki/Documents/MCUXpresso_10.2.1_795/workspace/CMSIS_CORE_LPC11xx/Debug/libCMSIS_CORE_LPC11xx.a(system_LPC11xx.o)
 .group         0x0000000000000000        0xc /home/muriuki/Documents/MCUXpresso_10.2.1_795/workspace/CMSIS_CORE_LPC11xx/Debug/libCMSIS_CORE_LPC11xx.a(system_LPC11xx.o)
 .group         0x0000000000000000        0xc /home/muriuki/Documents/MCUXpresso_10.2.1_795/workspace/CMSIS_CORE_LPC11xx/Debug/libCMSIS_CORE_LPC11xx.a(system_LPC11xx.o)
 .group         0x0000000000000000        0xc /home/muriuki/Documents/MCUXpresso_10.2.1_795/workspace/CMSIS_CORE_LPC11xx/Debug/libCMSIS_CORE_LPC11xx.a(system_LPC11xx.o)
 .group         0x0000000000000000        0xc /home/muriuki/Documents/MCUXpresso_10.2.1_795/workspace/CMSIS_CORE_LPC11xx/Debug/libCMSIS_CORE_LPC11xx.a(system_LPC11xx.o)
 .group         0x0000000000000000        0xc /home/muriuki/Documents/MCUXpresso_10.2.1_795/workspace/CMSIS_CORE_LPC11xx/Debug/libCMSIS_CORE_LPC11xx.a(system_LPC11xx.o)
 .group         0x0000000000000000        0xc /home/muriuki/Documents/MCUXpresso_10.2.1_795/workspace/CMSIS_CORE_LPC11xx/Debug/libCMSIS_CORE_LPC11xx.a(system_LPC11xx.o)
 .group         0x0000000000000000        0xc /home/muriuki/Documents/MCUXpresso_10.2.1_795/workspace/CMSIS_CORE_LPC11xx/Debug/libCMSIS_CORE_LPC11xx.a(system_LPC11xx.o)
 .text          0x0000000000000000        0x0 /home/muriuki/Documents/MCUXpresso_10.2.1_795/workspace/CMSIS_CORE_LPC11xx/Debug/libCMSIS_CORE_LPC11xx.a(system_LPC11xx.o)
 .data          0x0000000000000000        0x0 /home/muriuki/Documents/MCUXpresso_10.2.1_795/workspace/CMSIS_CORE_LPC11xx/Debug/libCMSIS_CORE_LPC11xx.a(system_LPC11xx.o)
 .bss           0x0000000000000000        0x0 /home/muriuki/Documents/MCUXpresso_10.2.1_795/workspace/CMSIS_CORE_LPC11xx/Debug/libCMSIS_CORE_LPC11xx.a(system_LPC11xx.o)
 .text.SystemCoreClockUpdate
                0x0000000000000000       0xa8 /home/muriuki/Documents/MCUXpresso_10.2.1_795/workspace/CMSIS_CORE_LPC11xx/Debug/libCMSIS_CORE_LPC11xx.a(system_LPC11xx.o)
 .rodata.CSWTCH.3
                0x0000000000000000       0x40 /home/muriuki/Documents/MCUXpresso_10.2.1_795/workspace/CMSIS_CORE_LPC11xx/Debug/libCMSIS_CORE_LPC11xx.a(system_LPC11xx.o)
 .debug_macro   0x0000000000000000       0x10 /home/muriuki/Documents/MCUXpresso_10.2.1_795/workspace/CMSIS_CORE_LPC11xx/Debug/libCMSIS_CORE_LPC11xx.a(system_LPC11xx.o)
 .debug_macro   0x0000000000000000      0x12d /home/muriuki/Documents/MCUXpresso_10.2.1_795/workspace/CMSIS_CORE_LPC11xx/Debug/libCMSIS_CORE_LPC11xx.a(system_LPC11xx.o)
 .debug_macro   0x0000000000000000      0x5b2 /home/muriuki/Documents/MCUXpresso_10.2.1_795/workspace/CMSIS_CORE_LPC11xx/Debug/libCMSIS_CORE_LPC11xx.a(system_LPC11xx.o)
 .debug_macro   0x0000000000000000       0x1c /home/muriuki/Documents/MCUXpresso_10.2.1_795/workspace/CMSIS_CORE_LPC11xx/Debug/libCMSIS_CORE_LPC11xx.a(system_LPC11xx.o)
 .debug_macro   0x0000000000000000       0x3a /home/muriuki/Documents/MCUXpresso_10.2.1_795/workspace/CMSIS_CORE_LPC11xx/Debug/libCMSIS_CORE_LPC11xx.a(system_LPC11xx.o)
 .debug_macro   0x0000000000000000       0x1f /home/muriuki/Documents/MCUXpresso_10.2.1_795/workspace/CMSIS_CORE_LPC11xx/Debug/libCMSIS_CORE_LPC11xx.a(system_LPC11xx.o)
 .debug_macro   0x0000000000000000      0x242 /home/muriuki/Documents/MCUXpresso_10.2.1_795/workspace/CMSIS_CORE_LPC11xx/Debug/libCMSIS_CORE_LPC11xx.a(system_LPC11xx.o)
 .debug_macro   0x0000000000000000      0x131 /home/muriuki/Documents/MCUXpresso_10.2.1_795/workspace/CMSIS_CORE_LPC11xx/Debug/libCMSIS_CORE_LPC11xx.a(system_LPC11xx.o)
 .text          0x0000000000000000        0x0 /usr/local/mcuxpressoide-10.2.1_795/ide/tools/bin/../lib/gcc/arm-none-eabi/7.2.1/../../../../arm-none-eabi/lib/thumb/v6-m/libcr_c.a(__weak__main.o)
 .data          0x0000000000000000        0x0 /usr/local/mcuxpressoide-10.2.1_795/ide/tools/bin/../lib/gcc/arm-none-eabi/7.2.1/../../../../arm-none-eabi/lib/thumb/v6-m/libcr_c.a(__weak__main.o)
 .bss           0x0000000000000000        0x0 /usr/local/mcuxpressoide-10.2.1_795/ide/tools/bin/../lib/gcc/arm-none-eabi/7.2.1/../../../../arm-none-eabi/lib/thumb/v6-m/libcr_c.a(__weak__main.o)
 .text          0x0000000000000000        0x0 /usr/local/mcuxpressoide-10.2.1_795/ide/tools/bin/../lib/gcc/arm-none-eabi/7.2.1/thumb/v6-m/libcr_eabihelpers.a(division_32.o)
 .data          0x0000000000000000        0x0 /usr/local/mcuxpressoide-10.2.1_795/ide/tools/bin/../lib/gcc/arm-none-eabi/7.2.1/thumb/v6-m/libcr_eabihelpers.a(division_32.o)
 .bss           0x0000000000000000        0x0 /usr/local/mcuxpressoide-10.2.1_795/ide/tools/bin/../lib/gcc/arm-none-eabi/7.2.1/thumb/v6-m/libcr_eabihelpers.a(division_32.o)
 .text          0x0000000000000000        0x0 /usr/local/mcuxpressoide-10.2.1_795/ide/tools/bin/../lib/gcc/arm-none-eabi/7.2.1/thumb/v6-m/libcr_eabihelpers.a(division_idiv0.o)
 .data          0x0000000000000000        0x0 /usr/local/mcuxpressoide-10.2.1_795/ide/tools/bin/../lib/gcc/arm-none-eabi/7.2.1/thumb/v6-m/libcr_eabihelpers.a(division_idiv0.o)
 .bss           0x0000000000000000        0x0 /usr/local/mcuxpressoide-10.2.1_795/ide/tools/bin/../lib/gcc/arm-none-eabi/7.2.1/thumb/v6-m/libcr_eabihelpers.a(division_idiv0.o)

Memory Configuration

Name             Origin             Length             Attributes
MFlash16         0x0000000000000000 0x0000000000004000 xr
RamLoc2          0x0000000010000000 0x0000000000000800 xrw
*default*        0x0000000000000000 0xffffffffffffffff

Linker script and memory map

LOAD ./src/cr_startup_lpc11xx.o
LOAD ./src/crp.o
LOAD ./src/led.o
LOAD ./src/testLPC.o
LOAD ./src/wait.o
LOAD /home/muriuki/Documents/MCUXpresso_10.2.1_795/workspace/CMSIS_CORE_LPC11xx/Debug/libCMSIS_CORE_LPC11xx.a
START GROUP
LOAD /usr/local/mcuxpressoide-10.2.1_795/ide/tools/bin/../lib/gcc/arm-none-eabi/7.2.1/../../../../arm-none-eabi/lib/thumb/v6-m/libcr_c.a
LOAD /usr/local/mcuxpressoide-10.2.1_795/ide/tools/bin/../lib/gcc/arm-none-eabi/7.2.1/thumb/v6-m/libcr_eabihelpers.a
END GROUP
                0x0000000000000000                __base_MFlash16 = 0x0
                0x0000000000000000                __base_Flash = 0x0
                0x0000000000004000                __top_MFlash16 = 0x4000
                0x0000000000004000                __top_Flash = 0x4000
                0x0000000010000000                __base_RamLoc2 = 0x10000000
                0x0000000010000000                __base_RAM = 0x10000000
                0x0000000010000800                __top_RamLoc2 = 0x10000800
                0x0000000010000800                __top_RAM = 0x10000800

.text           0x0000000000000000      0x598
 FILL mask 0xff
                0x0000000000000000                __vectors_start__ = ABSOLUTE (.)
 *(.isr_vector)
 .isr_vector    0x0000000000000000       0xc0 ./src/cr_startup_lpc11xx.o
                0x0000000000000000                g_pfnVectors
                0x00000000000000c0                . = ALIGN (0x4)
                0x00000000000000c0                __section_table_start = .
                0x00000000000000c0                __data_section_table = .
                0x00000000000000c0        0x4 LONG 0x598 LOADADDR (.data)
                0x00000000000000c4        0x4 LONG 0x10000000 ADDR (.data)
                0x00000000000000c8        0x4 LONG 0x4 SIZEOF (.data)
                0x00000000000000cc                __data_section_table_end = .
                0x00000000000000cc                __bss_section_table = .
                0x00000000000000cc        0x4 LONG 0x10000004 ADDR (.bss)
                0x00000000000000d0        0x4 LONG 0x0 SIZEOF (.bss)
                0x00000000000000d4                __bss_section_table_end = .
                0x00000000000000d4                __section_table_end = .
 *(.after_vectors*)
 .after_vectors
                0x00000000000000d4      0x118 ./src/cr_startup_lpc11xx.o
                0x00000000000000d4                data_init
                0x0000000000000114                bss_init
                0x0000000000000148                ResetISR
                0x00000000000001c8                NMI_Handler
                0x00000000000001ce                HardFault_Handler
                0x00000000000001d4                SVC_Handler
                0x00000000000001da                PendSV_Handler
                0x00000000000001e0                SysTick_Handler
                0x00000000000001e6                TIMER16_0_IRQHandler
                0x00000000000001e6                UART_IRQHandler
                0x00000000000001e6                TIMER32_0_IRQHandler
                0x00000000000001e6                TIMER32_1_IRQHandler
                0x00000000000001e6                IntDefaultHandler
                0x00000000000001e6                PIOINT1_IRQHandler
                0x00000000000001e6                CAN_IRQHandler
                0x00000000000001e6                SSP0_IRQHandler
                0x00000000000001e6                TIMER16_1_IRQHandler
                0x00000000000001e6                ADC_IRQHandler
                0x00000000000001e6                SSP1_IRQHandler
                0x00000000000001e6                PIOINT2_IRQHandler
                0x00000000000001e6                BOD_IRQHandler
                0x00000000000001e6                WAKEUP_IRQHandler
                0x00000000000001e6                PIOINT0_IRQHandler
                0x00000000000001e6                I2C_IRQHandler
                0x00000000000001e6                WDT_IRQHandler
                0x00000000000001e6                PIOINT3_IRQHandler
                0x00000000000002fc                . = 0x2fc
 *fill*         0x00000000000001ec      0x110 ff
                0x00000000000002fc                PROVIDE (__CRP_WORD_START__, .)
 *(.crp)
 .crp           0x00000000000002fc        0x4 ./src/crp.o
                0x00000000000002fc                CRP_WORD
                0x0000000000000300                PROVIDE (__CRP_WORD_END__, .)
                0x0000000000000001                ASSERT (! ((__CRP_WORD_START__ == __CRP_WORD_END__)), Linker CRP Enabled, but no CRP_WORD provided within application)
 *(.text*)
 .text.LED_ON   0x0000000000000300       0x24 ./src/led.o
                0x0000000000000300                LED_ON
 .text.LED_OFF  0x0000000000000324       0x24 ./src/led.o
                0x0000000000000324                LED_OFF
 .text.initLED  0x0000000000000348       0x38 ./src/led.o
                0x0000000000000348                initLED
 .text.main     0x0000000000000380       0x1e ./src/testLPC.o
                0x0000000000000380                main
 .text.Wait10Cycles
                0x000000000000039e        0xa ./src/wait.o
                0x000000000000039e                Wait10Cycles
 .text.Wait100Cycles
                0x00000000000003a8       0x18 ./src/wait.o
                0x00000000000003a8                Wait100Cycles
 .text.WaitCycles
                0x00000000000003c0       0x44 ./src/wait.o
                0x00000000000003c0                WaitCycles
 .text.WaitLongCycles
                0x0000000000000404       0x40 ./src/wait.o
                0x0000000000000404                WaitLongCycles
 .text.Waitms   0x0000000000000444       0x48 ./src/wait.o
                0x0000000000000444                Waitms
 .text.SystemInit
                0x000000000000048c       0x88 /home/muriuki/Documents/MCUXpresso_10.2.1_795/workspace/CMSIS_CORE_LPC11xx/Debug/libCMSIS_CORE_LPC11xx.a(system_LPC11xx.o)
                0x000000000000048c                SystemInit
 .text.__weak_main
                0x0000000000000514        0x8 /usr/local/mcuxpressoide-10.2.1_795/ide/tools/bin/../lib/gcc/arm-none-eabi/7.2.1/../../../../arm-none-eabi/lib/thumb/v6-m/libcr_c.a(__weak__main.o)
                0x0000000000000514                __main
                0x0000000000000514                __weak_main
 .text.__aeabi_division_idivmod
                0x000000000000051c       0x78 /usr/local/mcuxpressoide-10.2.1_795/ide/tools/bin/../lib/gcc/arm-none-eabi/7.2.1/thumb/v6-m/libcr_eabihelpers.a(division_32.o)
                0x000000000000051c                __aeabi_idiv
                0x000000000000051c                __aeabi_idivmod
                0x0000000000000522                __aeabi_uidiv
                0x0000000000000522                __aeabi_uidivmod
 .text.__aeabi_division_idiv0
                0x0000000000000594        0x2 /usr/local/mcuxpressoide-10.2.1_795/ide/tools/bin/../lib/gcc/arm-none-eabi/7.2.1/thumb/v6-m/libcr_eabihelpers.a(division_idiv0.o)
                0x0000000000000594                __aeabi_idiv0
 *(.rodata .rodata.* .constdata .constdata.*)
                0x0000000000000598                . = ALIGN (0x4)
 *fill*         0x0000000000000596        0x2 ff

.glue_7         0x0000000000000598        0x0
 .glue_7        0x0000000000000598        0x0 linker stubs

.glue_7t        0x0000000000000598        0x0
 .glue_7t       0x0000000000000598        0x0 linker stubs

.vfp11_veneer   0x0000000000000598        0x0
 .vfp11_veneer  0x0000000000000598        0x0 linker stubs

.v4_bx          0x0000000000000598        0x0
 .v4_bx         0x0000000000000598        0x0 linker stubs

.iplt           0x0000000000000598        0x0
 .iplt          0x0000000000000598        0x0 ./src/cr_startup_lpc11xx.o

.rel.dyn        0x0000000000000598        0x0
 .rel.iplt      0x0000000000000598        0x0 ./src/cr_startup_lpc11xx.o

.ARM.extab
 *(.ARM.extab* .gnu.linkonce.armextab.*)
                0x0000000000000598                __exidx_start = .

.ARM.exidx
 *(.ARM.exidx* .gnu.linkonce.armexidx.*)
                0x0000000000000598                __exidx_end = .
                0x0000000000000598                _etext = .

.uninit_RESERVED
                0x0000000010000000        0x0
 *(.bss.$RESERVED*)
                0x0000000010000000                . = ALIGN (0x4)
                0x0000000010000000                _end_uninit_RESERVED = .

.data           0x0000000010000000        0x4 load address 0x0000000000000598
 FILL mask 0xff
                0x0000000010000000                _data = .
 *(vtable)
 *(.ramfunc*)
 *(.data*)
 .data.SystemCoreClock
                0x0000000010000000        0x4 /home/muriuki/Documents/MCUXpresso_10.2.1_795/workspace/CMSIS_CORE_LPC11xx/Debug/libCMSIS_CORE_LPC11xx.a(system_LPC11xx.o)
                0x0000000010000000                SystemCoreClock
                0x0000000010000004                . = ALIGN (0x4)
                0x0000000010000004                _edata = .

.igot.plt       0x0000000010000004        0x0 load address 0x000000000000059c
 .igot.plt      0x0000000010000004        0x0 ./src/cr_startup_lpc11xx.o

.bss            0x0000000010000004        0x0 load address 0x000000000000059c
                0x0000000010000004                _bss = .
 *(.bss*)
 *(COMMON)
                0x0000000010000004                . = ALIGN (0x4)
                0x0000000010000004                _ebss = .
                [!provide]                        PROVIDE (end, .)

.noinit         0x0000000010000004        0x0 load address 0x000000000000059c
                0x0000000010000004                _noinit = .
 *(.noinit*)
                0x0000000010000004                . = ALIGN (0x4)
                0x0000000010000004                _end_noinit = .
                [!provide]                        PROVIDE (_pvHeapStart, DEFINED (__user_heap_base)?__user_heap_base:.)
                0x0000000010000800                PROVIDE (_vStackTop, DEFINED (__user_stack_top)?__user_stack_top:(__top_RamLoc2 - 0x0))
                0xffffffffeffff31f                PROVIDE (__valid_user_code_checksum, (0x0 - (((_vStackTop + (ResetISR + 0x1)) + (DEFINED (NMI_Handler)?NMI_Handler:M0_NMI_Handler + 0x1)) + (DEFINED (HardFault_Handler)?HardFault_Handler:M0_HardFault_Handler + 0x1))))
                0x0000000000000000                _image_start = LOADADDR (.text)
                0x000000000000059c                _image_end = (LOADADDR (.data) + SIZEOF (.data))
                0x000000000000059c                _image_size = (_image_end - _image_start)
OUTPUT(testLPC.axf elf32-littlearm)

.debug_info     0x0000000000000000      0xe6d
 .debug_info    0x0000000000000000      0x204 ./src/cr_startup_lpc11xx.o
 .debug_info    0x0000000000000204       0x3f ./src/crp.o
 .debug_info    0x0000000000000243      0x56e ./src/led.o
 .debug_info    0x00000000000007b1       0xd0 ./src/testLPC.o
 .debug_info    0x0000000000000881      0x161 ./src/wait.o
 .debug_info    0x00000000000009e2      0x48b /home/muriuki/Documents/MCUXpresso_10.2.1_795/workspace/CMSIS_CORE_LPC11xx/Debug/libCMSIS_CORE_LPC11xx.a(system_LPC11xx.o)

.debug_abbrev   0x0000000000000000      0x532
 .debug_abbrev  0x0000000000000000       0xf4 ./src/cr_startup_lpc11xx.o
 .debug_abbrev  0x00000000000000f4       0x36 ./src/crp.o
 .debug_abbrev  0x000000000000012a      0x162 ./src/led.o
 .debug_abbrev  0x000000000000028c       0x94 ./src/testLPC.o
 .debug_abbrev  0x0000000000000320       0xd9 ./src/wait.o
 .debug_abbrev  0x00000000000003f9      0x139 /home/muriuki/Documents/MCUXpresso_10.2.1_795/workspace/CMSIS_CORE_LPC11xx/Debug/libCMSIS_CORE_LPC11xx.a(system_LPC11xx.o)

.debug_aranges  0x0000000000000000      0x138
 .debug_aranges
                0x0000000000000000       0x60 ./src/cr_startup_lpc11xx.o
 .debug_aranges
                0x0000000000000060       0x18 ./src/crp.o
 .debug_aranges
                0x0000000000000078       0x38 ./src/led.o
 .debug_aranges
                0x00000000000000b0       0x20 ./src/testLPC.o
 .debug_aranges
                0x00000000000000d0       0x40 ./src/wait.o
 .debug_aranges
                0x0000000000000110       0x28 /home/muriuki/Documents/MCUXpresso_10.2.1_795/workspace/CMSIS_CORE_LPC11xx/Debug/libCMSIS_CORE_LPC11xx.a(system_LPC11xx.o)

.debug_ranges   0x0000000000000000       0xd0
 .debug_ranges  0x0000000000000000       0x50 ./src/cr_startup_lpc11xx.o
 .debug_ranges  0x0000000000000050       0x28 ./src/led.o
 .debug_ranges  0x0000000000000078       0x10 ./src/testLPC.o
 .debug_ranges  0x0000000000000088       0x30 ./src/wait.o
 .debug_ranges  0x00000000000000b8       0x18 /home/muriuki/Documents/MCUXpresso_10.2.1_795/workspace/CMSIS_CORE_LPC11xx/Debug/libCMSIS_CORE_LPC11xx.a(system_LPC11xx.o)

.debug_macro    0x0000000000000000     0x2364
 .debug_macro   0x0000000000000000       0x1d ./src/cr_startup_lpc11xx.o
 .debug_macro   0x000000000000001d      0xa5a ./src/cr_startup_lpc11xx.o
 .debug_macro   0x0000000000000a77       0x1a ./src/crp.o
 .debug_macro   0x0000000000000a91       0x34 ./src/crp.o
 .debug_macro   0x0000000000000ac5       0x89 ./src/led.o
 .debug_macro   0x0000000000000b4e       0x1c ./src/led.o
 .debug_macro   0x0000000000000b6a       0x3a ./src/led.o
 .debug_macro   0x0000000000000ba4       0x10 ./src/led.o
 .debug_macro   0x0000000000000bb4      0x12d ./src/led.o
 .debug_macro   0x0000000000000ce1      0x5b2 ./src/led.o
 .debug_macro   0x0000000000001293       0x1f ./src/led.o
 .debug_macro   0x00000000000012b2      0x242 ./src/led.o
 .debug_macro   0x00000000000014f4      0x131 ./src/led.o
 .debug_macro   0x0000000000001625       0x10 ./src/led.o
 .debug_macro   0x0000000000001635       0x92 ./src/testLPC.o
 .debug_macro   0x00000000000016c7       0x82 ./src/testLPC.o
 .debug_macro   0x0000000000001749       0x86 ./src/wait.o
 .debug_macro   0x00000000000017cf      0x13b /home/muriuki/Documents/MCUXpresso_10.2.1_795/workspace/CMSIS_CORE_LPC11xx/Debug/libCMSIS_CORE_LPC11xx.a(system_LPC11xx.o)
 .debug_macro   0x000000000000190a      0xa5a /home/muriuki/Documents/MCUXpresso_10.2.1_795/workspace/CMSIS_CORE_LPC11xx/Debug/libCMSIS_CORE_LPC11xx.a(system_LPC11xx.o)

.debug_line     0x0000000000000000      0x960
 .debug_line    0x0000000000000000       0xb8 ./src/cr_startup_lpc11xx.o
 .debug_line    0x00000000000000b8       0x79 ./src/crp.o
 .debug_line    0x0000000000000131      0x1e8 ./src/led.o
 .debug_line    0x0000000000000319      0x224 ./src/testLPC.o
 .debug_line    0x000000000000053d      0x200 ./src/wait.o
 .debug_line    0x000000000000073d      0x223 /home/muriuki/Documents/MCUXpresso_10.2.1_795/workspace/CMSIS_CORE_LPC11xx/Debug/libCMSIS_CORE_LPC11xx.a(system_LPC11xx.o)

.debug_str      0x0000000000000000     0x67f9
 .debug_str     0x0000000000000000     0x2dfe ./src/cr_startup_lpc11xx.o
                                       0x2e11 (size before relaxing)
 .debug_str     0x0000000000002dfe       0xe9 ./src/crp.o
                                       0x2d68 (size before relaxing)
 .debug_str     0x0000000000002ee7     0x2fa9 ./src/led.o
                                       0x5c94 (size before relaxing)
 .debug_str     0x0000000000005e90      0x45f ./src/testLPC.o
                                       0x5e4a (size before relaxing)
 .debug_str     0x00000000000062ef       0x63 ./src/wait.o
                                       0x5a46 (size before relaxing)
 .debug_str     0x0000000000006352      0x4a7 /home/muriuki/Documents/MCUXpresso_10.2.1_795/workspace/CMSIS_CORE_LPC11xx/Debug/libCMSIS_CORE_LPC11xx.a(system_LPC11xx.o)
                                       0x5f8e (size before relaxing)

.comment        0x0000000000000000       0x7e
 .comment       0x0000000000000000       0x7e ./src/cr_startup_lpc11xx.o
                                         0x7f (size before relaxing)
 .comment       0x000000000000007e       0x7f ./src/crp.o
 .comment       0x000000000000007e       0x7f ./src/led.o
 .comment       0x000000000000007e       0x7f ./src/testLPC.o
 .comment       0x000000000000007e       0x7f ./src/wait.o
 .comment       0x000000000000007e       0x7f /home/muriuki/Documents/MCUXpresso_10.2.1_795/workspace/CMSIS_CORE_LPC11xx/Debug/libCMSIS_CORE_LPC11xx.a(system_LPC11xx.o)
 .comment       0x000000000000007e       0x7f /usr/local/mcuxpressoide-10.2.1_795/ide/tools/bin/../lib/gcc/arm-none-eabi/7.2.1/../../../../arm-none-eabi/lib/thumb/v6-m/libcr_c.a(__weak__main.o)

.ARM.attributes
                0x0000000000000000       0x2f
 .ARM.attributes
                0x0000000000000000       0x31 ./src/cr_startup_lpc11xx.o
 .ARM.attributes
                0x0000000000000031       0x31 ./src/crp.o
 .ARM.attributes
                0x0000000000000062       0x31 ./src/led.o
 .ARM.attributes
                0x0000000000000093       0x31 ./src/testLPC.o
 .ARM.attributes
                0x00000000000000c4       0x31 ./src/wait.o
 .ARM.attributes
                0x00000000000000f5       0x31 /home/muriuki/Documents/MCUXpresso_10.2.1_795/workspace/CMSIS_CORE_LPC11xx/Debug/libCMSIS_CORE_LPC11xx.a(system_LPC11xx.o)
 .ARM.attributes
                0x0000000000000126       0x31 /usr/local/mcuxpressoide-10.2.1_795/ide/tools/bin/../lib/gcc/arm-none-eabi/7.2.1/../../../../arm-none-eabi/lib/thumb/v6-m/libcr_c.a(__weak__main.o)
 .ARM.attributes
                0x0000000000000157       0x21 /usr/local/mcuxpressoide-10.2.1_795/ide/tools/bin/../lib/gcc/arm-none-eabi/7.2.1/thumb/v6-m/libcr_eabihelpers.a(division_32.o)
 .ARM.attributes
                0x0000000000000178       0x21 /usr/local/mcuxpressoide-10.2.1_795/ide/tools/bin/../lib/gcc/arm-none-eabi/7.2.1/thumb/v6-m/libcr_eabihelpers.a(division_idiv0.o)

.debug_frame    0x0000000000000000      0x28c
 .debug_frame   0x0000000000000000      0x118 ./src/cr_startup_lpc11xx.o
 .debug_frame   0x0000000000000118       0x80 ./src/led.o
 .debug_frame   0x0000000000000198       0x2c ./src/testLPC.o
 .debug_frame   0x00000000000001c4       0x90 ./src/wait.o
 .debug_frame   0x0000000000000254       0x38 /home/muriuki/Documents/MCUXpresso_10.2.1_795/workspace/CMSIS_CORE_LPC11xx/Debug/libCMSIS_CORE_LPC11xx.a(system_LPC11xx.o)

.debug_loc      0x0000000000000000       0x9c
 .debug_loc     0x0000000000000000       0x9c /home/muriuki/Documents/MCUXpresso_10.2.1_795/workspace/CMSIS_CORE_LPC11xx/Debug/libCMSIS_CORE_LPC11xx.a(system_LPC11xx.o)
